// Jest Snapshot v1, https://goo.gl/fbAQLP

exports[`The tags list Renders as expected 1`] = `
<div>
  <code>
    css
  </code>
  <code>
    html
  </code>
  <code>
    js
  </code>
</div>
`;
